2026-08-28 14:41:34 - 📧 Verification started...
2026-08-28 14:41:34 - 👤 User found: test (ID: 29)
2026-08-28 14:41:34 - 🔍 Referrer ID: 1
2026-08-28 14:41:34 - 👤 Referrer found: Aahil Lone
2026-08-28 14:41:34 - 📝 Referral found, not rewarded yet. Crediting bonus...
2026-08-28 14:41:34 - ✅ Referral bonus of ₹100 credited to user 1
2026-08-28 14:41:34 - 📧 Attempting to send referral email to: lonerashed9@gmail.com
2026-08-28 14:41:35 - ❌ Referral email failed to send to: lonerashed9@gmail.com
2026-08-28 14:57:33 - 📧 Verification started...
2026-08-28 14:57:33 - 👤 User found: testtttt (ID: 30)
2026-08-28 14:57:33 - 🔍 Referrer ID found: 1
2026-08-28 14:57:33 - 👤 Referrer found: Aahil Lone
2026-08-28 14:57:33 - 📝 Referral found, crediting bonus...
2026-08-28 14:57:33 - ✅ Referral bonus of ₹100 credited to user 1
2026-08-28 14:57:33 - 📧 Attempting to send referral email to: lonerashed9@gmail.com
2026-08-28 14:57:35 - ✅ Email sent via Mailer to: lonerashed9@gmail.com
2026-08-28 14:57:40 - 📧 Verification started...
2026-08-28 14:57:40 - ❌ Invalid token
2026-08-28 14:58:10 - 📧 Verification started...
2026-08-28 14:58:10 - ❌ Invalid token
